Copyright 1986-2022 Xilinx, Inc. All Rights Reserved. Copyright 2022-2023 Advanced Micro Devices, Inc. All Rights Reserved.
-------------------------------------------------------------------------------------------------------------------------------------------------------------
| Tool Version     : Vivado v.2023.1 (lin64) Build 3865809 Sun May  7 15:04:56 MDT 2023
| Date             : Wed Oct 25 20:41:03 2023
| Host             : alis-F15Plus-2 running 64-bit Ubuntu 22.04.3 LTS
| Command          : report_power -file riscv_wrapper_power_routed.rpt -pb riscv_wrapper_power_summary_routed.pb -rpx riscv_wrapper_power_routed.rpx
| Design           : riscv_wrapper
| Device           : xc7a100tcsg324-1
| Design State     : routed
| Grade            : commercial
| Process          : typical
| Characterization : Production
-------------------------------------------------------------------------------------------------------------------------------------------------------------

Power Report

Table of Contents
-----------------
1. Summary
1.1 On-Chip Components
1.2 Power Supply Summary
1.3 Confidence Level
2. Settings
2.1 Environment
2.2 Clock Constraints
3. Detailed Reports
3.1 By Hierarchy

1. Summary
----------

+--------------------------+--------------+
| Total On-Chip Power (W)  | 1.025        |
| Design Power Budget (W)  | Unspecified* |
| Power Budget Margin (W)  | NA           |
| Dynamic (W)              | 0.917        |
| Device Static (W)        | 0.108        |
| Effective TJA (C/W)      | 4.6          |
| Max Ambient (C)          | 80.3         |
| Junction Temperature (C) | 29.7         |
| Confidence Level         | Low          |
| Setting File             | ---          |
| Simulation Activity File | ---          |
| Design Nets Matched      | NA           |
+--------------------------+--------------+
* Specify Design Power Budget using, set_operating_conditions -design_power_budget <value in Watts>


1.1 On-Chip Components
----------------------

+--------------------------+-----------+----------+-----------+-----------------+
| On-Chip                  | Power (W) | Used     | Available | Utilization (%) |
+--------------------------+-----------+----------+-----------+-----------------+
| Clocks                   |     0.077 |       29 |       --- |             --- |
| Slice Logic              |     0.051 |    99742 |       --- |             --- |
|   LUT as Logic           |     0.043 |    45999 |     63400 |           72.55 |
|   LUT as Distributed RAM |     0.004 |     3670 |     19000 |           19.32 |
|   CARRY4                 |     0.002 |     1751 |     15850 |           11.05 |
|   Register               |    <0.001 |    31342 |    126800 |           24.72 |
|   F7/F8 Muxes            |    <0.001 |     2954 |     63400 |            4.66 |
|   LUT as Shift Register  |    <0.001 |      380 |     19000 |            2.00 |
|   Others                 |     0.000 |     1618 |       --- |             --- |
| Signals                  |     0.069 |    74556 |       --- |             --- |
| Block RAM                |     0.034 |       27 |       135 |           20.00 |
| MMCM                     |     0.194 |        2 |         6 |           33.33 |
| PLL                      |     0.115 |        1 |         6 |           16.67 |
| DSPs                     |     0.006 |       15 |       240 |            6.25 |
| I/O                      |     0.261 |       83 |       210 |           39.52 |
| PHASER                   |     0.110 |       14 |       --- |             --- |
| XADC                     |    <0.001 |        1 |       --- |             --- |
| Static Power             |     0.108 |          |           |                 |
| Total                    |     1.025 |          |           |                 |
+--------------------------+-----------+----------+-----------+-----------------+


1.2 Power Supply Summary
------------------------

+-----------+-------------+-----------+-------------+------------+-------------+-------------+------------+
| Source    | Voltage (V) | Total (A) | Dynamic (A) | Static (A) | Powerup (A) | Budget (A)  | Margin (A) |
+-----------+-------------+-----------+-------------+------------+-------------+-------------+------------+
| Vccint    |       1.000 |     0.289 |       0.270 |      0.019 |       NA    | Unspecified | NA         |
| Vccaux    |       1.800 |     0.287 |       0.268 |      0.018 |       NA    | Unspecified | NA         |
| Vcco33    |       3.300 |     0.005 |       0.001 |      0.004 |       NA    | Unspecified | NA         |
| Vcco25    |       2.500 |     0.000 |       0.000 |      0.000 |       NA    | Unspecified | NA         |
| Vcco18    |       1.800 |     0.000 |       0.000 |      0.000 |       NA    | Unspecified | NA         |
| Vcco15    |       1.500 |     0.000 |       0.000 |      0.000 |       NA    | Unspecified | NA         |
| Vcco135   |       1.350 |     0.121 |       0.117 |      0.004 |       NA    | Unspecified | NA         |
| Vcco12    |       1.200 |     0.000 |       0.000 |      0.000 |       NA    | Unspecified | NA         |
| Vccaux_io |       1.800 |     0.000 |       0.000 |      0.000 |       NA    | Unspecified | NA         |
| Vccbram   |       1.000 |     0.003 |       0.002 |      0.001 |       NA    | Unspecified | NA         |
| MGTAVcc   |       1.000 |     0.000 |       0.000 |      0.000 |       NA    | Unspecified | NA         |
| MGTAVtt   |       1.200 |     0.000 |       0.000 |      0.000 |       NA    | Unspecified | NA         |
| Vccadc    |       1.800 |     0.020 |       0.000 |      0.020 |       NA    | Unspecified | NA         |
+-----------+-------------+-----------+-------------+------------+-------------+-------------+------------+


1.3 Confidence Level
--------------------

+-----------------------------+------------+--------------------------------------------------------+------------------------------------------------------------------------------------------------------------+
| User Input Data             | Confidence | Details                                                | Action                                                                                                     |
+-----------------------------+------------+--------------------------------------------------------+------------------------------------------------------------------------------------------------------------+
| Design implementation state | High       | Design is routed                                       |                                                                                                            |
| Clock nodes activity        | High       | User specified more than 95% of clocks                 |                                                                                                            |
| I/O nodes activity          | Low        | More than 75% of inputs are missing user specification | Provide missing input activity with simulation results or by editing the "By Resource Type -> I/Os" view   |
| Internal nodes activity     | Medium     | User specified less than 25% of internal nodes         | Provide missing internal nodes activity with simulation results or by editing the "By Resource Type" views |
| Device models               | High       | Device models are Production                           |                                                                                                            |
|                             |            |                                                        |                                                                                                            |
| Overall confidence level    | Low        |                                                        |                                                                                                            |
+-----------------------------+------------+--------------------------------------------------------+------------------------------------------------------------------------------------------------------------+


2. Settings
-----------

2.1 Environment
---------------

+-----------------------+--------------------------+
| Ambient Temp (C)      | 25.0                     |
| ThetaJA (C/W)         | 4.6                      |
| Airflow (LFM)         | 250                      |
| Heat Sink             | medium (Medium Profile)  |
| ThetaSA (C/W)         | 4.6                      |
| Board Selection       | medium (10"x10")         |
| # of Board Layers     | 12to15 (12 to 15 Layers) |
| Board Temperature (C) | 25.0                     |
+-----------------------+--------------------------+


2.2 Clock Constraints
---------------------

+-----------------------------------------------------------------------------------------------------------------------------------------------------------+-------------------------------------------------------------------------------------------------------------------------------------------------------------------------------------------------------------------------------+-----------------+
| Clock                                                                                                                                                     | Domain                                                                                                                                                                                                                        | Constraint (ns) |
+-----------------------------------------------------------------------------------------------------------------------------------------------------------+-------------------------------------------------------------------------------------------------------------------------------------------------------------------------------------------------------------------------------+-----------------+
| clk_out1_riscv_clk_wiz_0_0                                                                                                                                | riscv_i/clk_wiz_0/inst/clk_out1_riscv_clk_wiz_0_0                                                                                                                                                                             |            20.0 |
| clk_out2_riscv_clk_wiz_0_0                                                                                                                                | riscv_i/clk_wiz_0/inst/clk_out2_riscv_clk_wiz_0_0                                                                                                                                                                             |             5.0 |
| clk_out3_riscv_clk_wiz_0_0                                                                                                                                | riscv_i/clk_wiz_0/inst/clk_out3_riscv_clk_wiz_0_0                                                                                                                                                                             |            10.0 |
| clk_out4_riscv_clk_wiz_0_0                                                                                                                                | riscv_i/clk_wiz_0/inst/clk_out4_riscv_clk_wiz_0_0                                                                                                                                                                             |            40.0 |
| clk_pll_i                                                                                                                                                 | riscv_i/DDR/mig_7series_0/u_riscv_mig_7series_0_0_mig/u_ddr3_infrastructure/clk_pll_i                                                                                                                                         |            12.3 |
| clkfbout_riscv_clk_wiz_0_0                                                                                                                                | riscv_i/clk_wiz_0/inst/clkfbout_riscv_clk_wiz_0_0                                                                                                                                                                             |            10.0 |
| eth_rx_clk                                                                                                                                                | eth_rx_clk                                                                                                                                                                                                                    |            40.0 |
| eth_tx_clk                                                                                                                                                | eth_tx_clk                                                                                                                                                                                                                    |            40.0 |
| freq_refclk                                                                                                                                               | riscv_i/DDR/mig_7series_0/u_riscv_mig_7series_0_0_mig/u_ddr3_infrastructure/freq_refclk                                                                                                                                       |             1.5 |
| iserdes_clkdiv                                                                                                                                            | riscv_i/DDR/mig_7series_0/u_riscv_mig_7series_0_0_mig/u_memc_ui_top_axi/mem_intfc0/ddr_phy_top0/u_ddr_mc_phy_wrapper/u_ddr_mc_phy/ddr_phy_4lanes_0.u_ddr_phy_4lanes/ddr_byte_lane_C.ddr_byte_lane_C/iserdes_clkdiv            |            12.3 |
| iserdes_clkdiv_1                                                                                                                                          | riscv_i/DDR/mig_7series_0/u_riscv_mig_7series_0_0_mig/u_memc_ui_top_axi/mem_intfc0/ddr_phy_top0/u_ddr_mc_phy_wrapper/u_ddr_mc_phy/ddr_phy_4lanes_0.u_ddr_phy_4lanes/ddr_byte_lane_D.ddr_byte_lane_D/iserdes_clkdiv            |            12.3 |
| jtag_clock                                                                                                                                                | riscv_i/RocketChip/inst/jtag/jtag_tck_inp                                                                                                                                                                                     |            15.0 |
| mem_refclk                                                                                                                                                | riscv_i/DDR/mig_7series_0/u_riscv_mig_7series_0_0_mig/u_ddr3_infrastructure/mem_refclk                                                                                                                                        |             3.1 |
| oserdes_clk                                                                                                                                               | riscv_i/DDR/mig_7series_0/u_riscv_mig_7series_0_0_mig/u_memc_ui_top_axi/mem_intfc0/ddr_phy_top0/u_ddr_mc_phy_wrapper/u_ddr_mc_phy/ddr_phy_4lanes_0.u_ddr_phy_4lanes/ddr_byte_lane_A.ddr_byte_lane_A/oserdes_clk               |             3.1 |
| oserdes_clk_1                                                                                                                                             | riscv_i/DDR/mig_7series_0/u_riscv_mig_7series_0_0_mig/u_memc_ui_top_axi/mem_intfc0/ddr_phy_top0/u_ddr_mc_phy_wrapper/u_ddr_mc_phy/ddr_phy_4lanes_0.u_ddr_phy_4lanes/ddr_byte_lane_B.ddr_byte_lane_B/oserdes_clk               |             3.1 |
| oserdes_clk_2                                                                                                                                             | riscv_i/DDR/mig_7series_0/u_riscv_mig_7series_0_0_mig/u_memc_ui_top_axi/mem_intfc0/ddr_phy_top0/u_ddr_mc_phy_wrapper/u_ddr_mc_phy/ddr_phy_4lanes_0.u_ddr_phy_4lanes/ddr_byte_lane_C.ddr_byte_lane_C/oserdes_clk               |             3.1 |
| oserdes_clk_3                                                                                                                                             | riscv_i/DDR/mig_7series_0/u_riscv_mig_7series_0_0_mig/u_memc_ui_top_axi/mem_intfc0/ddr_phy_top0/u_ddr_mc_phy_wrapper/u_ddr_mc_phy/ddr_phy_4lanes_0.u_ddr_phy_4lanes/ddr_byte_lane_D.ddr_byte_lane_D/oserdes_clk               |             3.1 |
| oserdes_clkdiv                                                                                                                                            | riscv_i/DDR/mig_7series_0/u_riscv_mig_7series_0_0_mig/u_memc_ui_top_axi/mem_intfc0/ddr_phy_top0/u_ddr_mc_phy_wrapper/u_ddr_mc_phy/ddr_phy_4lanes_0.u_ddr_phy_4lanes/ddr_byte_lane_A.ddr_byte_lane_A/oserdes_clkdiv            |            12.3 |
| oserdes_clkdiv_1                                                                                                                                          | riscv_i/DDR/mig_7series_0/u_riscv_mig_7series_0_0_mig/u_memc_ui_top_axi/mem_intfc0/ddr_phy_top0/u_ddr_mc_phy_wrapper/u_ddr_mc_phy/ddr_phy_4lanes_0.u_ddr_phy_4lanes/ddr_byte_lane_B.ddr_byte_lane_B/oserdes_clkdiv            |            12.3 |
| oserdes_clkdiv_2                                                                                                                                          | riscv_i/DDR/mig_7series_0/u_riscv_mig_7series_0_0_mig/u_memc_ui_top_axi/mem_intfc0/ddr_phy_top0/u_ddr_mc_phy_wrapper/u_ddr_mc_phy/ddr_phy_4lanes_0.u_ddr_phy_4lanes/ddr_byte_lane_C.ddr_byte_lane_C/oserdes_clkdiv            |             6.2 |
| oserdes_clkdiv_3                                                                                                                                          | riscv_i/DDR/mig_7series_0/u_riscv_mig_7series_0_0_mig/u_memc_ui_top_axi/mem_intfc0/ddr_phy_top0/u_ddr_mc_phy_wrapper/u_ddr_mc_phy/ddr_phy_4lanes_0.u_ddr_phy_4lanes/ddr_byte_lane_D.ddr_byte_lane_D/oserdes_clkdiv            |             6.2 |
| pll_clk3_out                                                                                                                                              | riscv_i/DDR/mig_7series_0/u_riscv_mig_7series_0_0_mig/u_ddr3_infrastructure/pll_clk3_out                                                                                                                                      |            12.3 |
| pll_clkfbout                                                                                                                                              | riscv_i/DDR/mig_7series_0/u_riscv_mig_7series_0_0_mig/u_ddr3_infrastructure/pll_clkfbout                                                                                                                                      |            10.0 |
| sync_pulse                                                                                                                                                | riscv_i/DDR/mig_7series_0/u_riscv_mig_7series_0_0_mig/u_ddr3_infrastructure/sync_pulse                                                                                                                                        |            49.2 |
| sys_clk_pin                                                                                                                                               | sys_clock                                                                                                                                                                                                                     |            10.0 |
| u_memc_ui_top_axi/mem_intfc0/ddr_phy_top0/u_ddr_mc_phy_wrapper/u_ddr_mc_phy/ddr_phy_4lanes_0.u_ddr_phy_4lanes/ddr_byte_lane_C.ddr_byte_lane_C/iserdes_clk | riscv_i/DDR/mig_7series_0/u_riscv_mig_7series_0_0_mig/u_memc_ui_top_axi/mem_intfc0/ddr_phy_top0/u_ddr_mc_phy_wrapper/u_ddr_mc_phy/ddr_phy_4lanes_0.u_ddr_phy_4lanes/ddr_byte_lane_C.ddr_byte_lane_C/phaser_in_gen.phaser_in_0 |             3.1 |
| u_memc_ui_top_axi/mem_intfc0/ddr_phy_top0/u_ddr_mc_phy_wrapper/u_ddr_mc_phy/ddr_phy_4lanes_0.u_ddr_phy_4lanes/ddr_byte_lane_D.ddr_byte_lane_D/iserdes_clk | riscv_i/DDR/mig_7series_0/u_riscv_mig_7series_0_0_mig/u_memc_ui_top_axi/mem_intfc0/ddr_phy_top0/u_ddr_mc_phy_wrapper/u_ddr_mc_phy/ddr_phy_4lanes_0.u_ddr_phy_4lanes/ddr_byte_lane_D.ddr_byte_lane_D/phaser_in_gen.phaser_in_0 |             3.1 |
+-----------------------------------------------------------------------------------------------------------------------------------------------------------+-------------------------------------------------------------------------------------------------------------------------------------------------------------------------------------------------------------------------------+-----------------+


3. Detailed Reports
-------------------

3.1 By Hierarchy
----------------

+-------------------------+-----------+
| Name                    | Power (W) |
+-------------------------+-----------+
| riscv_wrapper           |     0.917 |
|   riscv_i               |     0.913 |
|     DDR                 |     0.603 |
|       axi_smc_1         |     0.010 |
|       mig_7series_0     |     0.592 |
|     IO                  |     0.050 |
|       Ethernet          |     0.004 |
|       SD                |     0.006 |
|       XADC              |     0.002 |
|       axi_timer_0       |     0.001 |
|       ethernet_stream_0 |     0.006 |
|       io_axi_m          |     0.022 |
|       io_axi_s          |     0.008 |
|     RocketChip          |     0.152 |
|       inst              |     0.151 |
|     clk_wiz_0           |     0.107 |
|       inst              |     0.107 |
+-------------------------+-----------+


