#-----------------------------------------------------------
# Vivado v2023.1 (64-bit)
# SW Build 3865809 on Sun May  7 15:04:56 MDT 2023
# IP Build 3864474 on Sun May  7 20:36:21 MDT 2023
# SharedData Build 3865790 on Sun May 07 13:33:03 MDT 2023
# Start of session at: Wed Oct 25 20:02:27 2023
# Process ID: 21451
# Current directory: /home/alis/gpio/vivado-risc-v/workspace/rocket64b1/vivado-arty-a7-100t-riscv/arty-a7-100t-riscv.runs/impl_1
# Command line: vivado -log riscv_wrapper.vdi -applog -product Vivado -messageDb vivado.pb -mode batch -source riscv_wrapper.tcl -notrace
# Log file: /home/alis/gpio/vivado-risc-v/workspace/rocket64b1/vivado-arty-a7-100t-riscv/arty-a7-100t-riscv.runs/impl_1/riscv_wrapper.vdi
# Journal file: /home/alis/gpio/vivado-risc-v/workspace/rocket64b1/vivado-arty-a7-100t-riscv/arty-a7-100t-riscv.runs/impl_1/vivado.jou
# Running On: alis-F15Plus-2, OS: Linux, CPU Frequency: 2487.386 MHz, CPU Physical cores: 4, Host memory: 8131 MB
#-----------------------------------------------------------
source riscv_wrapper.tcl -notrace
